
> @nwslttr/web@0.0.1 build /Users/rs/nwslttr/apps/web
> next build

   ▲ Next.js 15.4.2

   Creating an optimized production build ...
 ✓ Compiled successfully in 0ms
   Linting and checking validity of types ...
   Collecting page data ...
   Generating static pages (0/4) ...
   Generating static pages (1/4) 
   Generating static pages (2/4) 
   Generating static pages (3/4) 
 ✓ Generating static pages (4/4)
   Finalizing page optimization ...
   Collecting build traces ...

Route (app)                                 Size  First Load JS
┌ ○ /                                      125 B         100 kB
└ ○ /_not-found                            993 B         101 kB
+ First Load JS shared by all             100 kB
  ├ chunks/37452fc0-2925dd3b39ea8749.js  54.1 kB
  ├ chunks/394-f257a90779279984.js       44.3 kB
  └ other shared chunks (total)          1.87 kB


○  (Static)  prerendered as static content

